[INFO] Scanning for projects...
[INFO] 
[INFO] ---------------------< com.shivansh:email-service >---------------------
[INFO] Building email-service 1.0.0
[INFO]   from pom.xml
[INFO] --------------------------------[ jar ]---------------------------------
[INFO] 
[INFO] --- resources:3.3.1:resources (default-resources) @ email-service ---
[INFO] Copying 3 resources from src\main\resources to target\classes
[INFO] Copying 11 resources from src\main\resources to target\classes
[INFO] 
[INFO] --- compiler:3.13.0:compile (default-compile) @ email-service ---
[INFO] Nothing to compile - all classes are up to date.
[INFO] 
[INFO] --- resources:3.3.1:testResources (default-testResources) @ email-service ---
[INFO] skip non existing resourceDirectory C:\Users\Shivansh\Desktop\PROzz\emailService\src\test\resources
[INFO] 
[INFO] --- compiler:3.13.0:testCompile (default-testCompile) @ email-service ---
[INFO] Recompiling the module because of changed source code.
[INFO] Compiling 3 source files with javac [debug parameters release 21] to target\test-classes
[INFO] -------------------------------------------------------------
[ERROR] COMPILATION ERROR : 
[INFO] -------------------------------------------------------------
[ERROR] /C:/Users/Shivansh/Desktop/PROzz/emailService/src/test/java/com/shivansh/emailservice/service/EmailSenderServiceTest.java:[138,33] cannot find symbol
  symbol:   method getTotalCount()
  location: variable response of type com.shivansh.emailservice.model.BatchEmailResponse
[ERROR] /C:/Users/Shivansh/Desktop/PROzz/emailService/src/test/java/com/shivansh/emailservice/service/EmailSenderServiceTest.java:[139,33] cannot find symbol
  symbol:   method getSentCount()
  location: variable response of type com.shivansh.emailservice.model.BatchEmailResponse
[ERROR] /C:/Users/Shivansh/Desktop/PROzz/emailService/src/test/java/com/shivansh/emailservice/service/EmailSenderServiceTest.java:[140,33] cannot find symbol
  symbol:   method getFailedCount()
  location: variable response of type com.shivansh.emailservice.model.BatchEmailResponse
[INFO] 3 errors 
[INFO] -------------------------------------------------------------
[INFO] ------------------------------------------------------------------------
[INFO] BUILD FAILURE
[INFO] ------------------------------------------------------------------------
[INFO] Total time:  1.545 s
[INFO] Finished at: 2026-03-10T01:40:31+05:30
[INFO] ------------------------------------------------------------------------
[ERROR] Failed to execute goal org.apache.maven.plugins:maven-compiler-plugin:3.13.0:testCompile (default-testCompile) on project email-service: Compilation failure: Compilation failure: 
[ERROR] /C:/Users/Shivansh/Desktop/PROzz/emailService/src/test/java/com/shivansh/emailservice/service/EmailSenderServiceTest.java:[138,33] cannot find symbol
[ERROR]   symbol:   method getTotalCount()
[ERROR]   location: variable response of type com.shivansh.emailservice.model.BatchEmailResponse
[ERROR] /C:/Users/Shivansh/Desktop/PROzz/emailService/src/test/java/com/shivansh/emailservice/service/EmailSenderServiceTest.java:[139,33] cannot find symbol
[ERROR]   symbol:   method getSentCount()
[ERROR]   location: variable response of type com.shivansh.emailservice.model.BatchEmailResponse
[ERROR] /C:/Users/Shivansh/Desktop/PROzz/emailService/src/test/java/com/shivansh/emailservice/service/EmailSenderServiceTest.java:[140,33] cannot find symbol
[ERROR]   symbol:   method getFailedCount()
[ERROR]   location: variable response of type com.shivansh.emailservice.model.BatchEmailResponse
[ERROR] -> [Help 1]
[ERROR] 
[ERROR] To see the full stack trace of the errors, re-run Maven with the -e switch.
[ERROR] Re-run Maven using the -X switch to enable full debug logging.
[ERROR] 
[ERROR] For more information about the errors and possible solutions, please read the following articles:
[ERROR] [Help 1] http://cwiki.apache.org/confluence/display/MAVEN/MojoFailureException
