[INFO] Scanning for projects...
[INFO] 
[INFO] ---------------------< com.shivansh:email-service >---------------------
[INFO] Building email-service 1.0.0
[INFO]   from pom.xml
[INFO] --------------------------------[ jar ]---------------------------------
[INFO] 
[INFO] --- resources:3.3.1:resources (default-resources) @ email-service ---
[INFO] Copying 3 resources from src\main\resources to target\classes
[INFO] Copying 11 resources from src\main\resources to target\classes
[INFO] 
[INFO] --- compiler:3.13.0:compile (default-compile) @ email-service ---
[INFO] Nothing to compile - all classes are up to date.
[INFO] 
[INFO] --- resources:3.3.1:testResources (default-testResources) @ email-service ---
[INFO] skip non existing resourceDirectory C:\Users\Shivansh\Desktop\PROzz\emailService\src\test\resources
[INFO] 
[INFO] --- compiler:3.13.0:testCompile (default-testCompile) @ email-service ---
[INFO] Recompiling the module because of changed source code.
[INFO] Compiling 3 source files with javac [debug parameters release 21] to target\test-classes
[INFO] 
[INFO] --- surefire:3.5.2:test (default-test) @ email-service ---
[INFO] Using auto detected provider org.apache.maven.surefire.junitplatform.JUnitPlatformProvider
[INFO] 
[INFO] -------------------------------------------------------
[INFO]  T E S T S
[INFO] -------------------------------------------------------
[INFO] Running com.shivansh.emailservice.controller.EmailControllerTest
01:42:34.918 [main] INFO org.springframework.test.context.support.AnnotationConfigContextLoaderUtils -- Could not detect default configuration classes for test class [com.shivansh.emailservice.controller.EmailControllerTest]: EmailControllerTest does not declare any static, non-private, non-final, nested classes annotated with @Configuration.
01:42:35.008 [main] INFO org.springframework.boot.test.context.SpringBootTestContextBootstrapper -- Found @SpringBootConfiguration com.shivansh.emailservice.EmailServiceApplication for test class com.shivansh.emailservice.controller.EmailControllerTest

  .   ____          _            __ _ _
 /\\ / ___'_ __ _ _(_)_ __  __ _ \ \ \ \
( ( )\___ | '_ | '_| | '_ \/ _` | \ \ \ \
 \\/  ___)| |_)| | | | | || (_| |  ) ) ) )
  '  |____| .__|_| |_|_| |_\__, | / / / /
 =========|_|==============|___/=/_/_/_/

 :: Spring Boot ::                (v3.4.3)

2026-03-10T01:42:35.283+05:30  INFO 30132 --- [           main] c.s.e.controller.EmailControllerTest     : Starting EmailControllerTest using Java 21.0.7 with PID 30132 (started by Shivansh in C:\Users\Shivansh\Desktop\PROzz\emailService)
2026-03-10T01:42:35.283+05:30  INFO 30132 --- [           main] c.s.e.controller.EmailControllerTest     : No active profile set, falling back to 1 default profile: "default"
.\mvnw.cmd : Mockito is currently self-attaching to enable the inline-mock-maker. This will no longer work in future releases of the JDK. Please 
add Mockito as an agent to your build what is described in Mockito's documentation: 
https://javadoc.io/doc/org.mockito/mockito-core/latest/org/mockito/Mockito.html#0.3
At line:1 char:50
+ ... va\jdk-21"; .\mvnw.cmd test 2>&1 > C:\Users\Shivansh\Desktop\PROzz\em ...
+                 ~~~~~~~~~~~~~~~~~~~~~~~~~~~~~~~~~~~~~~~~~~~~~~~~~~~~~~~~~
    + CategoryInfo          : NotSpecified: (Mockito is curr...ockito.html#0.3:String) [], RemoteException
    + FullyQualifiedErrorId : NativeCommandError
 
Java HotSpot(TM) 64-Bit Server VM warning: Sharing is only supported for boot loader classes because bootstrap classpath has been appended
WARNING: A Java agent has been loaded dynamically 
(C:\Users\Shivansh\.m2\repository\net\bytebuddy\byte-buddy-agent\1.15.11\byte-buddy-agent-1.15.11.jar)
WARNING: If a serviceability tool is in use, please run with -XX:+EnableDynamicAgentLoading to hide this warning
WARNING: If a serviceability tool is not in use, please run with -Djdk.instrument.traceUsage for more information
WARNING: Dynamic loading of agents will be disallowed by default in a future release
2026-03-10T01:42:38.889+05:30  INFO 30132 --- [           main] o.s.b.t.m.w.SpringBootMockServletContext : Initializing Spring TestDispatcherServlet ''
2026-03-10T01:42:38.889+05:30  INFO 30132 --- [           main] o.s.t.web.servlet.TestDispatcherServlet  : Initializing Servlet ''
2026-03-10T01:42:38.908+05:30  INFO 30132 --- [           main] o.s.b.a.e.web.EndpointLinksResolver      : Exposing 1 endpoint beneath base path '/actuator'
2026-03-10T01:42:38.923+05:30  INFO 30132 --- [           main] o.s.t.web.servlet.TestDispatcherServlet  : Completed initialization in 34 ms
2026-03-10T01:42:39.014+05:30  INFO 30132 --- [           main] c.s.e.controller.EmailControllerTest     : Started EmailControllerTest in 3.921 seconds (process running for 4.49)
[INFO] Tests run: 6, Failures: 0, Errors: 0, Skipped: 0, Time elapsed: 4.662 s -- in com.shivansh.emailservice.controller.EmailControllerTest
[INFO] Running com.shivansh.emailservice.service.EmailSenderServiceTest
2026-03-10T01:42:39.783+05:30  INFO 30132 --- [           main] c.s.e.service.EmailSenderService         : ? Email sent to user@example.com [subject=Test OTP]
2026-03-10T01:42:39.818+05:30  INFO 30132 --- [           main] c.s.e.service.EmailSenderService         : ???????????????????????????????????????????????????????????
2026-03-10T01:42:39.818+05:30  INFO 30132 --- [           main] c.s.e.service.EmailSenderService         :   ? DEV MODE ù EMAIL NOT SENT
2026-03-10T01:42:39.819+05:30  INFO 30132 --- [           main] c.s.e.service.EmailSenderService         :   To:      user@example.com
2026-03-10T01:42:39.819+05:30  INFO 30132 --- [           main] c.s.e.service.EmailSenderService         :   From:    AtlasID <test@gmail.com>
2026-03-10T01:42:39.819+05:30  INFO 30132 --- [           main] c.s.e.service.EmailSenderService         :   Subject: Welcome to AtlasID!
2026-03-10T01:42:39.819+05:30  INFO 30132 --- [           main] c.s.e.service.EmailSenderService         :   Type:    WELCOME
2026-03-10T01:42:39.819+05:30  INFO 30132 --- [           main] c.s.e.service.EmailSenderService         :   Body length: 20 chars
2026-03-10T01:42:39.819+05:30  INFO 30132 --- [           main] c.s.e.service.EmailSenderService         : ???????????????????????????????????????????????????????????
2026-03-10T01:42:39.819+05:30  INFO 30132 --- [           main] c.s.e.service.EmailSenderService         : ???????????????????????????????????????????????????????????
2026-03-10T01:42:39.819+05:30  INFO 30132 --- [           main] c.s.e.service.EmailSenderService         :   ? DEV MODE ù EMAIL NOT SENT
2026-03-10T01:42:39.819+05:30  INFO 30132 --- [           main] c.s.e.service.EmailSenderService         :   To:      user@example.com
2026-03-10T01:42:39.822+05:30  INFO 30132 --- [           main] c.s.e.service.EmailSenderService         :   From:    AtlasID <test@gmail.com>
2026-03-10T01:42:39.822+05:30  INFO 30132 --- [           main] c.s.e.service.EmailSenderService         :   Subject: Test OTP
2026-03-10T01:42:39.822+05:30  INFO 30132 --- [           main] c.s.e.service.EmailSenderService         :   Type:    OTP
2026-03-10T01:42:39.822+05:30  INFO 30132 --- [           main] c.s.e.service.EmailSenderService         :   Body length: 24 chars
2026-03-10T01:42:39.822+05:30  INFO 30132 --- [           main] c.s.e.service.EmailSenderService         : ???????????????????????????????????????????????????????????
2026-03-10T01:42:39.826+05:30  INFO 30132 --- [           main] c.s.e.service.EmailSenderService         : ???????????????????????????????????????????????????????????
2026-03-10T01:42:39.826+05:30  INFO 30132 --- [           main] c.s.e.service.EmailSenderService         :   ? DEV MODE ù EMAIL NOT SENT
2026-03-10T01:42:39.826+05:30  INFO 30132 --- [           main] c.s.e.service.EmailSenderService         :   To:      user1@test.com
2026-03-10T01:42:39.826+05:30  INFO 30132 --- [           main] c.s.e.service.EmailSenderService         :   From:    AtlasID <test@gmail.com>
2026-03-10T01:42:39.826+05:30  INFO 30132 --- [           main] c.s.e.service.EmailSenderService         :   Subject: null
2026-03-10T01:42:39.826+05:30  INFO 30132 --- [           main] c.s.e.service.EmailSenderService         :   Type:    OTP
2026-03-10T01:42:39.826+05:30  INFO 30132 --- [           main] c.s.e.service.EmailSenderService         :   Body length: 16 chars
2026-03-10T01:42:39.828+05:30  INFO 30132 --- [           main] c.s.e.service.EmailSenderService         : ???????????????????????????????????????????????????????????
2026-03-10T01:42:39.829+05:30  INFO 30132 --- [           main] c.s.e.service.EmailSenderService         : ???????????????????????????????????????????????????????????
2026-03-10T01:42:39.829+05:30  INFO 30132 --- [           main] c.s.e.service.EmailSenderService         :   ? DEV MODE ù EMAIL NOT SENT
2026-03-10T01:42:39.829+05:30  INFO 30132 --- [           main] c.s.e.service.EmailSenderService         :   To:      user2@test.com
2026-03-10T01:42:39.829+05:30  INFO 30132 --- [           main] c.s.e.service.EmailSenderService         :   From:    AtlasID <test@gmail.com>
2026-03-10T01:42:39.829+05:30  INFO 30132 --- [           main] c.s.e.service.EmailSenderService         :   Subject: null
2026-03-10T01:42:39.829+05:30  INFO 30132 --- [           main] c.s.e.service.EmailSenderService         :   Type:    OTP
2026-03-10T01:42:39.829+05:30  INFO 30132 --- [           main] c.s.e.service.EmailSenderService         :   Body length: 16 chars
2026-03-10T01:42:39.829+05:30  INFO 30132 --- [           main] c.s.e.service.EmailSenderService         : ???????????????????????????????????????????????????????????
[INFO] Tests run: 5, Failures: 0, Errors: 0, Skipped: 0, Time elapsed: 0.328 s -- in com.shivansh.emailservice.service.EmailSenderServiceTest
[INFO] Running com.shivansh.emailservice.service.TemplateServiceTest
2026-03-10T01:42:39.835+05:30  INFO 30132 --- [           main] t.c.s.AnnotationConfigContextLoaderUtils : Could not detect default configuration classes for test class [com.shivansh.emailservice.service.TemplateServiceTest]: TemplateServiceTest does not declare any static, non-private, non-final, nested classes annotated with @Configuration.
2026-03-10T01:42:39.842+05:30  INFO 30132 --- [           main] .b.t.c.SpringBootTestContextBootstrapper : Found @SpringBootConfiguration com.shivansh.emailservice.EmailServiceApplication for test class com.shivansh.emailservice.service.TemplateServiceTest

  .   ____          _            __ _ _
 /\\ / ___'_ __ _ _(_)_ __  __ _ \ \ \ \
( ( )\___ | '_ | '_| | '_ \/ _` | \ \ \ \
 \\/  ___)| |_)| | | | | || (_| |  ) ) ) )
  '  |____| .__|_| |_|_| |_\__, | / / / /
 =========|_|==============|___/=/_/_/_/

 :: Spring Boot ::                (v3.4.3)

2026-03-10T01:42:39.865+05:30  INFO 30132 --- [           main] c.s.e.service.TemplateServiceTest        : Starting TemplateServiceTest using Java 21.0.7 with PID 30132 (started by Shivansh in C:\Users\Shivansh\Desktop\PROzz\emailService)
2026-03-10T01:42:39.865+05:30  INFO 30132 --- [           main] c.s.e.service.TemplateServiceTest        : No active profile set, falling back to 1 default profile: "default"
2026-03-10T01:42:40.368+05:30  INFO 30132 --- [           main] o.s.b.a.e.web.EndpointLinksResolver      : Exposing 1 endpoint beneath base path '/actuator'
2026-03-10T01:42:40.380+05:30  INFO 30132 --- [           main] c.s.e.service.TemplateServiceTest        : Started TemplateServiceTest in 0.534 seconds (process running for 5.858)
[INFO] Tests run: 7, Failures: 0, Errors: 0, Skipped: 0, Time elapsed: 0.783 s -- in com.shivansh.emailservice.service.TemplateServiceTest
[INFO] 
[INFO] Results:
[INFO] 
[INFO] Tests run: 18, Failures: 0, Errors: 0, Skipped: 0
[INFO] 
[INFO] ------------------------------------------------------------------------
[INFO] BUILD SUCCESS
[INFO] ------------------------------------------------------------------------
[INFO] Total time:  8.021 s
[INFO] Finished at: 2026-03-10T01:42:40+05:30
[INFO] ------------------------------------------------------------------------
